[E=1/700, S=700] {'wandb': 'ReFT_small|gsm8k_python_sdp_galactica_125m_reft', 'lr': '3e-06', 'T.loss': '-0.033541', 'T.acc': '0.075', 'T.ncor': '0.15', 'T.total': '2', 'T.pg_loss': '-0.038441', 'T.vf_loss': '0.0039275', 'T.vf_expl_var': '-0.2477'}
[E=1/700, S=935] {'wandb': 'ReFT_small|gsm8k_python_sdp_galactica_125m_reft_05', 'lr': '3e-06', 'T.loss': '-0.0077454', 'T.acc': '0.075', 'T.ncor': '0.15', 'T.total': '2', 'T.pg_loss': '-0.015987', 'T.vf_loss': '0.0041414', 'T.vf_expl_var': '-0.01156'}
name 'bread_slourses' is not defined
[E=1/700, S=701] {'wandb': 'ReFT_small|gsm8k_python_sdp_galactica_125m_reft', 'lr': '3e-06', 'T.loss': '0.16784', 'T.acc': '0.3', 'T.ncor': '0.6', 'T.total': '2', 'T.pg_loss': '-0.038672', 'T.vf_loss': '0.026248', 'T.vf_expl_var': '-0.30474'}
[E=1/700, S=936] {'wandb': 'ReFT_small|gsm8k_python_sdp_galactica_125m_reft_05', 'lr': '3e-06', 'T.loss': '0.040785', 'T.acc': '0.05', 'T.ncor': '0.1', 'T.total': '2', 'T.pg_loss': '-0.00595', 'T.vf_loss': '0.0041876', 'T.vf_expl_var': '-0.34336'}
[E=1/700, S=702] {'wandb': 'ReFT_small|gsm8k_python_sdp_galactica_125m_reft', 'lr': '3e-06', 'T.loss': '0.07334', 'T.acc': '0.325', 'T.ncor': '0.65', 'T.total': '2', 'T.pg_loss': '1.6131e-05', 'T.vf_loss': '0.02537', 'T.vf_expl_var': '0.23386'}
[E=1/700, S=937] {'wandb': 'ReFT_small|gsm8k_python_sdp_galactica_125m_reft_05', 'lr': '3e-06', 'T.loss': '0.023746', 'T.acc': '0.075', 'T.ncor': '0.15', 'T.total': '2', 'T.pg_loss': '0.0062354', 'T.vf_loss': '0.0053311', 'T.vf_expl_var': '-0.58373'}
[E=1/700, S=703] {'wandb': 'ReFT_small|gsm8k_python_sdp_galactica_125m_reft', 'lr': '3e-06', 'T.loss': '0.13796', 'T.acc': '0.325', 'T.ncor': '0.65', 'T.total': '2', 'T.pg_loss': '0.032123', 'T.vf_loss': '0.012335', 'T.vf_expl_var': '0.27307'}
[E=1/700, S=938] {'wandb': 'ReFT_small|gsm8k_python_sdp_galactica_125m_reft_05', 'lr': '3e-06', 'T.loss': '0.029901', 'T.acc': '0.1', 'T.ncor': '0.2', 'T.total': '2', 'T.pg_loss': '-0.0050659', 'T.vf_loss': '0.005558', 'T.vf_expl_var': '-0.43382'}
[E=1/700, S=704] {'wandb': 'ReFT_small|gsm8k_python_sdp_galactica_125m_reft', 'lr': '3e-06', 'T.loss': '0.077214', 'T.acc': '0.325', 'T.ncor': '0.65', 'T.total': '2', 'T.pg_loss': '0.041844', 'T.vf_loss': '0.013277', 'T.vf_expl_var': '0.14202'}
invalid syntax (<string>, line 5)
[2025-06-12 14:33:36,038] [INFO] [real_accelerator.py:158:get_accelerator] Setting ds_accelerator to cuda (auto detect)
[E=1/700, S=939] {'wandb': 'ReFT_small|gsm8k_python_sdp_galactica_125m_reft_05', 'lr': '3e-06', 'T.loss': '0.011541', 'T.acc': '0.075', 'T.ncor': '0.15', 'T.total': '2', 'T.pg_loss': '-0.0057825', 'T.vf_loss': '0.004635', 'T.vf_expl_var': '0.14603'}
[E=1/700, S=705] {'wandb': 'ReFT_small|gsm8k_python_sdp_galactica_125m_reft', 'lr': '3e-06', 'T.loss': '0.022979', 'T.acc': '0.1', 'T.ncor': '0.2', 'T.total': '2', 'T.pg_loss': '0.0022042', 'T.vf_loss': '0.005346', 'T.vf_expl_var': '0.10825'}
name 'p_days' is not defined
[E=1/700, S=706] {'wandb': 'ReFT_small|gsm8k_python_sdp_galactica_125m_reft', 'lr': '3e-06', 'T.loss': '0.010946', 'T.acc': '0.075', 'T.ncor': '0.15', 'T.total': '2', 'T.pg_loss': '-0.027443', 'T.vf_loss': '0.0073371', 'T.vf_expl_var': '-0.40206'}
[E=1/700, S=940] {'wandb': 'ReFT_small|gsm8k_python_sdp_galactica_125m_reft_05', 'lr': '3e-06', 'T.loss': '0.11462', 'T.acc': '0.3', 'T.ncor': '0.6', 'T.total': '2', 'T.pg_loss': '-0.021691', 'T.vf_loss': '0.019501', 'T.vf_expl_var': '0.45181'}
name 'chores_total' is not defined
[2025-06-12 14:33:39,613] [INFO] [comm.py:637:init_distributed] cdb=None
[2025-06-12 14:33:39,613] [INFO] [comm.py:668:init_distributed] Initializing TorchBackend in DeepSpeed with backend nccl
{'model_name_or_path': 'ppo_paper_final_new/_models_outputs_sft_small/gsm8k_python_sdp_galactica_125m_08/global_step_20229_epoch_11', 'tokenizer_name_or_path': 'ppo_paper_final_new/_models_outputs_sft_small/gsm8k_python_sdp_galactica_125m_08/global_step_20229_epoch_11', 'model_dir': 'ppo_paper_final_new/_models_outputs_rl_small/gsm8k_python_sdp_galactica_125m_reft_h_0.5', 'train_file': 'data/gsm8k_python_sdp.json', 'test_file': 'data/gsm8k_test_set.json', 'batch_size': 2, 'mini_batch_size': 2, 'eval_batch_size': 2, 'ppo_epochs': 2, 'n_epochs': 700, 'num_workers': 0, 'learning_rate': 3e-06, 'weight_decay': 0.0, 'warmup_step': 0, 'clip_grad_norm': 1.0, 'vf_coef': 5.0, 'kl_coef': 0.01, 'gamma': 1.0, 'lam': 0.95, 'ref_model_name_or_path': 'ppo_paper_final_new/_models_outputs_sft_small/gsm8k_python_sdp_galactica_125m_08/global_step_20229_epoch_11', 'evaluating_epoch_freq': 1, 'logging_epoch_freq': 1, 'saving_epoch_freq': 1, 'evaluating_step_freq': None, 'logging_step_freq': 1, 'logging_seq_str_step_freq': None, 'logging_values_step_freq': None, 'saving_step_freq': None, 'seed': 42, 'max_input_length': 300, 'max_gen_length': 700, 'keep_num_ckpt': 0, 'wandb_log': True, 'wandb_project': 'ReFT_small', 'wandb_run_name': 'gsm8k_python_sdp_galactica_125m_reft_h_0.5', 'engine': 'python', 'adv_whitening': 'global'}
{
  "model_name_or_path": "ppo_paper_final_new/_models_outputs_sft_small/gsm8k_python_sdp_galactica_125m_08/global_step_20229_epoch_11",
  "tokenizer_name_or_path": "ppo_paper_final_new/_models_outputs_sft_small/gsm8k_python_sdp_galactica_125m_08/global_step_20229_epoch_11",
  "model_dir": "ppo_paper_final_new/_models_outputs_rl_small/gsm8k_python_sdp_galactica_125m_reft_h_0.5",
  "train_file": "data/gsm8k_python_sdp.json",
  "test_file": "data/gsm8k_test_set.json",
  "batch_size": 2,
  "mini_batch_size": 2,
  "eval_batch_size": 2,
  "ppo_epochs": 2,
  "n_epochs": 700,
  "num_workers": 0,
  "learning_rate": 3e-06,
  "weight_decay": 0.0,
  "warmup_step": 0,
  "clip_grad_norm": 1.0,
  "vf_coef": 5.0,
  "kl_coef": 0.01,
  "gamma": 1.0,
  "lam": 0.95,
  "ref_model_name_or_path": "ppo_paper_final_new/_models_outputs_sft_small/gsm8k_python_sdp_galactica_125m_08/global_step_20229_epoch_11",
  "evaluating_epoch_freq": 1,
  "logging_epoch_freq": 1,
  "saving_epoch_freq": 1,
  "evaluating_step_freq": null,
  "logging_step_freq": 1,
  "logging_seq_str_step_freq": null,
  "logging_values_step_freq": null,
  "saving_step_freq": null,
  "seed": 42,
  "max_input_length": 300,
  "max_gen_length": 700,
  "keep_num_ckpt": 0,
  "wandb_log": true,
  "wandb_project": "ReFT_small",
  "wandb_run_name": "gsm8k_python_sdp_galactica_125m_reft_h_0.5",
  "engine": "python",
  "adv_whitening": "global"
}
[E=1/700, S=707] {'wandb': 'ReFT_small|gsm8k_python_sdp_galactica_125m_reft', 'lr': '3e-06', 'T.loss': '-0.00038133', 'T.acc': '0.05', 'T.ncor': '0.1', 'T.total': '2', 'T.pg_loss': '-0.038353', 'T.vf_loss': '0.0074371', 'T.vf_expl_var': '-1'}
[E=1/700, S=941] {'wandb': 'ReFT_small|gsm8k_python_sdp_galactica_125m_reft_05', 'lr': '3e-06', 'T.loss': '0.050857', 'T.acc': '0.325', 'T.ncor': '0.65', 'T.total': '2', 'T.pg_loss': '-0.014187', 'T.vf_loss': '0.019417', 'T.vf_expl_var': '0.1333'}
Raw data: DatasetDict({
    train: Dataset({
        features: ['item_id', 'question', 'answer_cot', 'answer_value'],
        num_rows: 7356
    })
    test: Dataset({
        features: ['item_id', 'question', 'answer_value'],
        num_rows: 1319
    })
})
Using instruction: Question:

Using cot_trigger: 
Answer reasoning:

Using answer_trigger: 
Therefore, the answer is: 
name 'hearts' is not defined
[E=1/700, S=708] {'wandb': 'ReFT_small|gsm8k_python_sdp_galactica_125m_reft', 'lr': '3e-06', 'T.loss': '0.0003345', 'T.acc': '0.05', 'T.ncor': '0.1', 'T.total': '2', 'T.pg_loss': '-0.027473', 'T.vf_loss': '0.0048181', 'T.vf_expl_var': '-1'}
name 'kiera_cost' is not defined
local variable 'plums_height' referenced before assignment
name 'book' is not defined
[E=1/700, S=942] {'wandb': 'ReFT_small|gsm8k_python_sdp_galactica_125m_reft_05', 'lr': '3e-06', 'T.loss': '0.032729', 'T.acc': '0.05', 'T.ncor': '0.1', 'T.total': '2', 'T.pg_loss': '-0.0021546', 'T.vf_loss': '0.0053', 'T.vf_expl_var': '-0.076459'}
[E=1/700, S=709] {'wandb': 'ReFT_small|gsm8k_python_sdp_galactica_125m_reft', 'lr': '3e-06', 'T.loss': '0.063749', 'T.acc': '0.05', 'T.ncor': '0.1', 'T.total': '2', 'T.pg_loss': '0.013583', 'T.vf_loss': '0.0053792', 'T.vf_expl_var': '-1'}
name 'samosa_cost' is not defined
[E=1/700, S=943] {'wandb': 'ReFT_small|gsm8k_python_sdp_galactica_125m_reft_05', 'lr': '3e-06', 'T.loss': '0.020434', 'T.acc': '0.05', 'T.ncor': '0.1', 'T.total': '2', 'T.pg_loss': '-0.003564', 'T.vf_loss': '0.0052316', 'T.vf_expl_var': '0.21316'}
[E=1/700, S=710] {'wandb': 'ReFT_small|gsm8k_python_sdp_galactica_125m_reft', 'lr': '3e-06', 'T.loss': '0.019668', 'T.acc': '0.05', 'T.ncor': '0.1', 'T.total': '2', 'T.pg_loss': '0.0068323', 'T.vf_loss': '0.0064101', 'T.vf_expl_var': '-0.44224'}
invalid syntax (<string>, line 6)
[E=1/700, S=711] {'wandb': 'ReFT_small|gsm8k_python_sdp_galactica_125m_reft', 'lr': '3e-06', 'T.loss': '0.037042', 'T.acc': '0.075', 'T.ncor': '0.15', 'T.total': '2', 'T.pg_loss': '-0.0086904', 'T.vf_loss': '0.0060659', 'T.vf_expl_var': '0.012221'}
[E=1/700, S=944] {'wandb': 'ReFT_small|gsm8k_python_sdp_galactica_125m_reft_05', 'lr': '3e-06', 'T.loss': '0.016584', 'T.acc': '0.075', 'T.ncor': '0.15', 'T.total': '2', 'T.pg_loss': '-0.010544', 'T.vf_loss': '0.0046774', 'T.vf_expl_var': '-0.2685'}
name 'balloons_plow_rate' is not defined
[E=1/700, S=712] {'wandb': 'ReFT_small|gsm8k_python_sdp_galactica_125m_reft', 'lr': '3e-06', 'T.loss': '0.025998', 'T.acc': '0.1', 'T.ncor': '0.2', 'T.total': '2', 'T.pg_loss': '0.0022221', 'T.vf_loss': '0.005748', 'T.vf_expl_var': '0.035401'}
[E=1/700, S=945] {'wandb': 'ReFT_small|gsm8k_python_sdp_galactica_125m_reft_05', 'lr': '3e-06', 'T.loss': '0.11947', 'T.acc': '0.275', 'T.ncor': '0.55', 'T.total': '2', 'T.pg_loss': '-0.019256', 'T.vf_loss': '0.020403', 'T.vf_expl_var': '-0.23676'}
[E=1/700, S=713] {'wandb': 'ReFT_small|gsm8k_python_sdp_galactica_125m_reft', 'lr': '3e-06', 'T.loss': '-0.013738', 'T.acc': '0.1', 'T.ncor': '0.2', 'T.total': '2', 'T.pg_loss': '-0.030043', 'T.vf_loss': '0.004785', 'T.vf_expl_var': '0.17854'}
name 'episode_rate' is not defined
[E=1/700, S=946] {'wandb': 'ReFT_small|gsm8k_python_sdp_galactica_125m_reft_05', 'lr': '3e-06', 'T.loss': '0.049219', 'T.acc': '0.275', 'T.ncor': '0.55', 'T.total': '2', 'T.pg_loss': '-0.020315', 'T.vf_loss': '0.02037', 'T.vf_expl_var': '0.38009'}
Processed data: DatasetDict({
    train: Dataset({
        features: ['item_id', 'question', 'answer_cot', 'answer_value', 'input_ids', 'labels', 'attention_mask', 'prefix', 'prefix_attention_mask', 'prefix_text'],
        num_rows: 7356
    })
    test: Dataset({
        features: ['item_id', 'question', 'answer_value', 'input_ids', 'labels', 'attention_mask', 'prefix', 'prefix_attention_mask', 'prefix_text', 'answer_cot'],
        num_rows: 1319
    })
})
[E=1/700, S=714] {'wandb': 'ReFT_small|gsm8k_python_sdp_galactica_125m_reft', 'lr': '3e-06', 'T.loss': '0.0081991', 'T.acc': '0.1', 'T.ncor': '0.2', 'T.total': '2', 'T.pg_loss': '-0.028735', 'T.vf_loss': '0.0045048', 'T.vf_expl_var': '0.2534'}
[E=1/700, S=947] {'wandb': 'ReFT_small|gsm8k_python_sdp_galactica_125m_reft_05', 'lr': '3e-06', 'T.loss': '0.0075944', 'T.acc': '0.075', 'T.ncor': '0.15', 'T.total': '2', 'T.pg_loss': '-0.014965', 'T.vf_loss': '0.0045552', 'T.vf_expl_var': '-0.34179'}
[E=1/700, S=715] {'wandb': 'ReFT_small|gsm8k_python_sdp_galactica_125m_reft', 'lr': '3e-06', 'T.loss': '0.020708', 'T.acc': '0.325', 'T.ncor': '0.65', 'T.total': '2', 'T.pg_loss': '-0.091962', 'T.vf_loss': '0.021669', 'T.vf_expl_var': '0.16404'}
[E=1/700, S=948] {'wandb': 'ReFT_small|gsm8k_python_sdp_galactica_125m_reft_05', 'lr': '3e-06', 'T.loss': '0.007031', 'T.acc': '0.1', 'T.ncor': '0.2', 'T.total': '2', 'T.pg_loss': '-0.019726', 'T.vf_loss': '0.0048172', 'T.vf_expl_var': '-0.44123'}
invalid syntax (<string>, line 10)
invalid syntax (<string>, line 5)
name 'jle_animals' is not defined
name 'money_per_week' is not defined
[E=1/700, S=716] {'wandb': 'ReFT_small|gsm8k_python_sdp_galactica_125m_reft', 'lr': '3e-06', 'T.loss': '-0.0096053', 'T.acc': '0.275', 'T.ncor': '0.55', 'T.total': '2', 'T.pg_loss': '-0.11151', 'T.vf_loss': '0.021808', 'T.vf_expl_var': '0.0082642'}
[2025-06-12 14:33:55,781] [INFO] [logging.py:96:log_dist] [Rank 0] DeepSpeed info: version=0.11.1, git-hash=unknown, git-branch=unknown
[2025-06-12 14:33:55,947] [INFO] [logging.py:96:log_dist] [Rank 0] DeepSpeed Flops Profiler Enabled: False
[2025-06-12 14:33:55,948] [INFO] [logging.py:96:log_dist] [Rank 0] Using client Optimizer as basic optimizer
[2025-06-12 14:33:55,948] [INFO] [logging.py:96:log_dist] [Rank 0] Removing param_group that has no 'params' in the basic Optimizer
[2025-06-12 14:33:55,953] [INFO] [logging.py:96:log_dist] [Rank 0] DeepSpeed Basic Optimizer = AdamW
[2025-06-12 14:33:55,953] [INFO] [utils.py:56:is_zero_supported_optimizer] Checking ZeRO support for optimizer=AdamW type=<class 'torch.optim.adamw.AdamW'>
[2025-06-12 14:33:55,954] [INFO] [logging.py:96:log_dist] [Rank 0] Creating torch.float16 ZeRO stage 2 optimizer
[2025-06-12 14:33:55,954] [INFO] [stage_1_and_2.py:146:__init__] Reduce bucket size 500,000,000
[2025-06-12 14:33:55,954] [INFO] [stage_1_and_2.py:147:__init__] Allgather bucket size 500,000,000
[2025-06-12 14:33:55,954] [INFO] [stage_1_and_2.py:148:__init__] CPU Offload: False
[2025-06-12 14:33:55,954] [INFO] [stage_1_and_2.py:149:__init__] Round robin gradient partitioning: False
[E=1/700, S=949] {'wandb': 'ReFT_small|gsm8k_python_sdp_galactica_125m_reft_05', 'lr': '3e-06', 'T.loss': '0.024196', 'T.acc': '0.05', 'T.ncor': '0.1', 'T.total': '2', 'T.pg_loss': '-0.0065249', 'T.vf_loss': '0.0045531', 'T.vf_expl_var': '-0.16792'}
[2025-06-12 14:33:56,321] [INFO] [utils.py:802:see_memory_usage] Before initializing optimizer states
[2025-06-12 14:33:56,322] [INFO] [utils.py:803:see_memory_usage] MA 0.7 GB         Max_MA 0.7 GB         CA 0.7 GB         Max_CA 1 GB 
[2025-06-12 14:33:56,323] [INFO] [utils.py:810:see_memory_usage] CPU Virtual Memory:  used = 75.27 GB, percent = 5.0%
[2025-06-12 14:33:56,447] [INFO] [utils.py:802:see_memory_usage] After initializing optimizer states
[2025-06-12 14:33:56,448] [INFO] [utils.py:803:see_memory_usage] MA 1.63 GB         Max_MA 3.03 GB         CA 3.04 GB         Max_CA 3 GB 
[2025-06-12 14:33:56,448] [INFO] [utils.py:810:see_memory_usage] CPU Virtual Memory:  used = 75.27 GB, percent = 5.0%
[2025-06-12 14:33:56,448] [INFO] [stage_1_and_2.py:513:__init__] optimizer state initialized
[2025-06-12 14:33:56,550] [INFO] [utils.py:802:see_memory_usage] After initializing ZeRO optimizer
[2025-06-12 14:33:56,551] [INFO] [utils.py:803:see_memory_usage] MA 1.63 GB         Max_MA 1.63 GB         CA 3.04 GB         Max_CA 3 GB 
[2025-06-12 14:33:56,551] [INFO] [utils.py:810:see_memory_usage] CPU Virtual Memory:  used = 75.27 GB, percent = 5.0%
[2025-06-12 14:33:56,556] [INFO] [logging.py:96:log_dist] [Rank 0] DeepSpeed Final Optimizer = AdamW
[2025-06-12 14:33:56,556] [INFO] [logging.py:96:log_dist] [Rank 0] DeepSpeed using client LR scheduler
[2025-06-12 14:33:56,556] [INFO] [logging.py:96:log_dist] [Rank 0] DeepSpeed LR Scheduler = None
[2025-06-12 14:33:56,556] [INFO] [logging.py:96:log_dist] [Rank 0] step=0, skipped=0, lr=[3e-06, 3e-06], mom=[(0.9, 0.999), (0.9, 0.999)]
[2025-06-12 14:33:56,557] [INFO] [config.py:968:print] DeepSpeedEngine configuration:
[2025-06-12 14:33:56,557] [INFO] [config.py:972:print]   activation_checkpointing_config  {
    "partition_activations": false, 
    "contiguous_memory_optimization": false, 
    "cpu_checkpointing": false, 
    "number_checkpoints": null, 
    "synchronize_checkpoint_boundary": false, 
    "profile": false
}
[2025-06-12 14:33:56,557] [INFO] [config.py:972:print]   aio_config ................... {'block_size': 1048576, 'queue_depth': 8, 'thread_count': 1, 'single_submit': False, 'overlap_events': True}
[2025-06-12 14:33:56,557] [INFO] [config.py:972:print]   amp_enabled .................. False
[2025-06-12 14:33:56,557] [INFO] [config.py:972:print]   amp_params ................... False
[2025-06-12 14:33:56,557] [INFO] [config.py:972:print]   autotuning_config ............ {
    "enabled": false, 
    "start_step": null, 
    "end_step": null, 
    "metric_path": null, 
    "arg_mappings": null, 
    "metric": "throughput", 
    "model_info": null, 
    "results_dir": "autotuning_results", 
    "exps_dir": "autotuning_exps", 
    "overwrite": true, 
    "fast": true, 
    "start_profile_step": 3, 
    "end_profile_step": 5, 
    "tuner_type": "gridsearch", 
    "tuner_early_stopping": 5, 
    "tuner_num_trials": 50, 
    "model_info_path": null, 
    "mp_size": 1, 
    "max_train_batch_size": null, 
    "min_train_batch_size": 1, 
    "max_train_micro_batch_size_per_gpu": 1.024000e+03, 
    "min_train_micro_batch_size_per_gpu": 1, 
    "num_tuning_micro_batch_sizes": 3
}
[2025-06-12 14:33:56,557] [INFO] [config.py:972:print]   bfloat16_enabled ............. False
[2025-06-12 14:33:56,557] [INFO] [config.py:972:print]   checkpoint_parallel_write_pipeline  False
[2025-06-12 14:33:56,557] [INFO] [config.py:972:print]   checkpoint_tag_validation_enabled  True
[2025-06-12 14:33:56,557] [INFO] [config.py:972:print]   checkpoint_tag_validation_fail  False
[2025-06-12 14:33:56,558] [INFO] [config.py:972:print]   comms_config ................. <deepspeed.comm.config.DeepSpeedCommsConfig object at 0x15412480ecb0>
[2025-06-12 14:33:56,558] [INFO] [config.py:972:print]   communication_data_type ...... None
[2025-06-12 14:33:56,558] [INFO] [config.py:972:print]   compression_config ........... {'weight_quantization': {'shared_parameters': {'enabled': False, 'quantizer_kernel': False, 'schedule_offset': 0, 'quantize_groups': 1, 'quantize_verbose': False, 'quantization_type': 'symmetric', 'quantize_weight_in_forward': False, 'rounding': 'nearest', 'fp16_mixed_quantize': False, 'quantize_change_ratio': 0.001}, 'different_groups': {}}, 'activation_quantization': {'shared_parameters': {'enabled': False, 'quantization_type': 'symmetric', 'range_calibration': 'dynamic', 'schedule_offset': 1000}, 'different_groups': {}}, 'sparse_pruning': {'shared_parameters': {'enabled': False, 'method': 'l1', 'schedule_offset': 1000}, 'different_groups': {}}, 'row_pruning': {'shared_parameters': {'enabled': False, 'method': 'l1', 'schedule_offset': 1000}, 'different_groups': {}}, 'head_pruning': {'shared_parameters': {'enabled': False, 'method': 'topk', 'schedule_offset': 1000}, 'different_groups': {}}, 'channel_pruning': {'shared_parameters': {'enabled': False, 'method': 'l1', 'schedule_offset': 1000}, 'different_groups': {}}, 'layer_reduction': {'enabled': False}}
[2025-06-12 14:33:56,558] [INFO] [config.py:972:print]   curriculum_enabled_legacy .... False
[2025-06-12 14:33:56,558] [INFO] [config.py:972:print]   curriculum_params_legacy ..... False
[2025-06-12 14:33:56,558] [INFO] [config.py:972:print]   data_efficiency_config ....... {'enabled': False, 'seed': 1234, 'data_sampling': {'enabled': False, 'num_epochs': 1000, 'num_workers': 0, 'curriculum_learning': {'enabled': False}}, 'data_routing': {'enabled': False, 'random_ltd': {'enabled': False, 'layer_token_lr_schedule': {'enabled': False}}}}
[2025-06-12 14:33:56,558] [INFO] [config.py:972:print]   data_efficiency_enabled ...... False
[2025-06-12 14:33:56,558] [INFO] [config.py:972:print]   dataloader_drop_last ......... False
[2025-06-12 14:33:56,558] [INFO] [config.py:972:print]   disable_allgather ............ False
[2025-06-12 14:33:56,558] [INFO] [config.py:972:print]   dump_state ................... False
[2025-06-12 14:33:56,558] [INFO] [config.py:972:print]   dynamic_loss_scale_args ...... None
[2025-06-12 14:33:56,558] [INFO] [config.py:972:print]   eigenvalue_enabled ........... False
[2025-06-12 14:33:56,558] [INFO] [config.py:972:print]   eigenvalue_gas_boundary_resolution  1
[2025-06-12 14:33:56,558] [INFO] [config.py:972:print]   eigenvalue_layer_name ........ bert.encoder.layer
[2025-06-12 14:33:56,558] [INFO] [config.py:972:print]   eigenvalue_layer_num ......... 0
[2025-06-12 14:33:56,558] [INFO] [config.py:972:print]   eigenvalue_max_iter .......... 100
[2025-06-12 14:33:56,559] [INFO] [config.py:972:print]   eigenvalue_stability ......... 1e-06
[2025-06-12 14:33:56,559] [INFO] [config.py:972:print]   eigenvalue_tol ............... 0.01
[2025-06-12 14:33:56,559] [INFO] [config.py:972:print]   eigenvalue_verbose ........... False
[2025-06-12 14:33:56,559] [INFO] [config.py:972:print]   elasticity_enabled ........... False
[2025-06-12 14:33:56,559] [INFO] [config.py:972:print]   flops_profiler_config ........ {
    "enabled": false, 
    "recompute_fwd_factor": 0.0, 
    "profile_step": 1, 
    "module_depth": -1, 
    "top_modules": 1, 
    "detailed": true, 
    "output_file": null
}
[2025-06-12 14:33:56,559] [INFO] [config.py:972:print]   fp16_auto_cast ............... True
[2025-06-12 14:33:56,559] [INFO] [config.py:972:print]   fp16_enabled ................. True
[2025-06-12 14:33:56,559] [INFO] [config.py:972:print]   fp16_master_weights_and_gradients  False
[2025-06-12 14:33:56,560] [INFO] [config.py:972:print]   global_rank .................. 0
[2025-06-12 14:33:56,560] [INFO] [config.py:972:print]   grad_accum_dtype ............. None
[2025-06-12 14:33:56,560] [INFO] [config.py:972:print]   gradient_accumulation_steps .. 1
[2025-06-12 14:33:56,560] [INFO] [config.py:972:print]   gradient_clipping ............ 1.0
[2025-06-12 14:33:56,560] [INFO] [config.py:972:print]   gradient_predivide_factor .... 1.0
[2025-06-12 14:33:56,560] [INFO] [config.py:972:print]   hybrid_engine ................ enabled=False max_out_tokens=512 inference_tp_size=1 release_inference_cache=False pin_parameters=True tp_gather_partition_size=8
[2025-06-12 14:33:56,560] [INFO] [config.py:972:print]   initial_dynamic_scale ........ 65536
[2025-06-12 14:33:56,560] [INFO] [config.py:972:print]   load_universal_checkpoint .... False
[2025-06-12 14:33:56,560] [INFO] [config.py:972:print]   loss_scale ................... 0
[2025-06-12 14:33:56,560] [INFO] [config.py:972:print]   memory_breakdown ............. False
[2025-06-12 14:33:56,561] [INFO] [config.py:972:print]   mics_hierarchial_params_gather  False
[2025-06-12 14:33:56,561] [INFO] [config.py:972:print]   mics_shard_size .............. -1
[2025-06-12 14:33:56,561] [INFO] [config.py:972:print]   monitor_config ............... tensorboard=TensorBoardConfig(enabled=False, output_path='', job_name='DeepSpeedJobName') wandb=WandbConfig(enabled=False, group=None, team=None, project='deepspeed') csv_monitor=CSVConfig(enabled=False, output_path='', job_name='DeepSpeedJobName') enabled=False
[2025-06-12 14:33:56,561] [INFO] [config.py:972:print]   nebula_config ................ {
    "enabled": false, 
    "persistent_storage_path": null, 
    "persistent_time_interval": 100, 
    "num_of_version_in_retention": 2, 
    "enable_nebula_load": true, 
    "load_path": null
}
[2025-06-12 14:33:56,561] [INFO] [config.py:972:print]   optimizer_legacy_fusion ...... False
[2025-06-12 14:33:56,561] [INFO] [config.py:972:print]   optimizer_name ............... None
[2025-06-12 14:33:56,561] [INFO] [config.py:972:print]   optimizer_params ............. None
[2025-06-12 14:33:56,561] [INFO] [config.py:972:print]   pipeline ..................... {'stages': 'auto', 'partition': 'best', 'seed_layers': False, 'activation_checkpoint_interval': 0}
[2025-06-12 14:33:56,561] [INFO] [config.py:972:print]   pld_enabled .................. False
[2025-06-12 14:33:56,562] [INFO] [config.py:972:print]   pld_params ................... False
[2025-06-12 14:33:56,562] [INFO] [config.py:972:print]   prescale_gradients ........... False
[2025-06-12 14:33:56,562] [INFO] [config.py:972:print]   scheduler_name ............... None
[2025-06-12 14:33:56,562] [INFO] [config.py:972:print]   scheduler_params ............. None
[2025-06-12 14:33:56,562] [INFO] [config.py:972:print]   sparse_attention ............. None
[2025-06-12 14:33:56,562] [INFO] [config.py:972:print]   sparse_gradients_enabled ..... False
[2025-06-12 14:33:56,562] [INFO] [config.py:972:print]   steps_per_print .............. inf
[2025-06-12 14:33:56,562] [INFO] [config.py:972:print]   train_batch_size ............. 2
[2025-06-12 14:33:56,562] [INFO] [config.py:972:print]   train_micro_batch_size_per_gpu  2
[2025-06-12 14:33:56,562] [INFO] [config.py:972:print]   use_node_local_storage ....... False
[2025-06-12 14:33:56,562] [INFO] [config.py:972:print]   wall_clock_breakdown ......... False
[2025-06-12 14:33:56,562] [INFO] [config.py:972:print]   weight_quantization_config ... None
[2025-06-12 14:33:56,563] [INFO] [config.py:972:print]   world_size ................... 1
[2025-06-12 14:33:56,563] [INFO] [config.py:972:print]   zero_allow_untested_optimizer  True
[2025-06-12 14:33:56,563] [INFO] [config.py:972:print]   zero_config .................. stage=2 contiguous_gradients=True reduce_scatter=True reduce_bucket_size=500,000,000 allgather_partitions=True allgather_bucket_size=500,000,000 overlap_comm=False load_from_fp32_weights=True elastic_checkpoint=False offload_param=DeepSpeedZeroOffloadParamConfig(device='none', nvme_path=None, buffer_count=5, buffer_size=100,000,000, max_in_cpu=1,000,000,000, pin_memory=False) offload_optimizer=DeepSpeedZeroOffloadOptimizerConfig(device='none', nvme_path=None, buffer_count=4, pin_memory=False, pipeline=False, pipeline_read=False, pipeline_write=False, fast_init=False) sub_group_size=1,000,000,000 cpu_offload_param=None cpu_offload_use_pin_memory=None cpu_offload=None prefetch_bucket_size=50,000,000 param_persistence_threshold=100,000 model_persistence_threshold=sys.maxsize max_live_parameters=1,000,000,000 max_reuse_distance=1,000,000,000 gather_16bit_weights_on_model_save=False stage3_gather_fp16_weights_on_model_save=False ignore_unused_parameters=True legacy_stage1=False round_robin_gradients=False zero_hpz_partition_size=1 zero_quantized_weights=False zero_quantized_nontrainable_weights=False zero_quantized_gradients=False mics_shard_size=-1 mics_hierarchical_params_gather=False memory_efficient_linear=True pipeline_loading_checkpoint=False override_module_apply=True
[2025-06-12 14:33:56,563] [INFO] [config.py:972:print]   zero_enabled ................. True
[2025-06-12 14:33:56,563] [INFO] [config.py:972:print]   zero_force_ds_cpu_optimizer .. True
[2025-06-12 14:33:56,563] [INFO] [config.py:972:print]   zero_optimization_stage ...... 2
[2025-06-12 14:33:56,563] [INFO] [config.py:958:print_user_config]   json = {
    "train_batch_size": 2, 
    "train_micro_batch_size_per_gpu": 2, 
    "gradient_accumulation_steps": 1, 
    "zero_optimization": {
        "stage": 2, 
        "offload_optimizer": {
            "device": "none", 
            "nvme_path": null
        }, 
        "offload_param": {
            "device": "none", 
            "nvme_path": null
        }, 
        "stage3_gather_16bit_weights_on_model_save": false
    }, 
    "gradient_clipping": 1.0, 
    "steps_per_print": inf, 
    "fp16": {
        "enabled": true, 
        "auto_cast": true
    }, 
    "bf16": {
        "enabled": false
    }, 
    "zero_allow_untested_optimizer": true
}
[2025-06-12 14:33:56,564] [INFO] [logging.py:96:log_dist] [Rank 0] DeepSpeed info: version=0.11.1, git-hash=unknown, git-branch=unknown
[2025-06-12 14:33:56,666] [INFO] [logging.py:96:log_dist] [Rank 0] DeepSpeed Flops Profiler Enabled: False
[2025-06-12 14:33:56,667] [INFO] [config.py:968:print] DeepSpeedEngine configuration:
[2025-06-12 14:33:56,667] [INFO] [config.py:972:print]   activation_checkpointing_config  {
    "partition_activations": false, 
    "contiguous_memory_optimization": false, 
    "cpu_checkpointing": false, 
    "number_checkpoints": null, 
    "synchronize_checkpoint_boundary": false, 
    "profile": false
}
[2025-06-12 14:33:56,667] [INFO] [config.py:972:print]   aio_config ................... {'block_size': 1048576, 'queue_depth': 8, 'thread_count': 1, 'single_submit': False, 'overlap_events': True}
[2025-06-12 14:33:56,668] [INFO] [config.py:972:print]   amp_enabled .................. False
[2025-06-12 14:33:56,668] [INFO] [config.py:972:print]   amp_params ................... False
[2025-06-12 14:33:56,668] [INFO] [config.py:972:print]   autotuning_config ............ {
    "enabled": false, 
    "start_step": null, 
    "end_step": null, 
    "metric_path": null, 
    "arg_mappings": null, 
    "metric": "throughput", 
    "model_info": null, 
    "results_dir": "autotuning_results", 
    "exps_dir": "autotuning_exps", 
    "overwrite": true, 
    "fast": true, 
    "start_profile_step": 3, 
    "end_profile_step": 5, 
    "tuner_type": "gridsearch", 
    "tuner_early_stopping": 5, 
    "tuner_num_trials": 50, 
    "model_info_path": null, 
    "mp_size": 1, 
    "max_train_batch_size": null, 
    "min_train_batch_size": 1, 
    "max_train_micro_batch_size_per_gpu": 1.024000e+03, 
    "min_train_micro_batch_size_per_gpu": 1, 
    "num_tuning_micro_batch_sizes": 3
}
[2025-06-12 14:33:56,668] [INFO] [config.py:972:print]   bfloat16_enabled ............. False
[2025-06-12 14:33:56,668] [INFO] [config.py:972:print]   checkpoint_parallel_write_pipeline  False
[2025-06-12 14:33:56,668] [INFO] [config.py:972:print]   checkpoint_tag_validation_enabled  True
[2025-06-12 14:33:56,668] [INFO] [config.py:972:print]   checkpoint_tag_validation_fail  False
[2025-06-12 14:33:56,668] [INFO] [config.py:972:print]   comms_config ................. <deepspeed.comm.config.DeepSpeedCommsConfig object at 0x15412480ec50>
[2025-06-12 14:33:56,669] [INFO] [config.py:972:print]   communication_data_type ...... None
[2025-06-12 14:33:56,669] [INFO] [config.py:972:print]   compression_config ........... {'weight_quantization': {'shared_parameters': {'enabled': False, 'quantizer_kernel': False, 'schedule_offset': 0, 'quantize_groups': 1, 'quantize_verbose': False, 'quantization_type': 'symmetric', 'quantize_weight_in_forward': False, 'rounding': 'nearest', 'fp16_mixed_quantize': False, 'quantize_change_ratio': 0.001}, 'different_groups': {}}, 'activation_quantization': {'shared_parameters': {'enabled': False, 'quantization_type': 'symmetric', 'range_calibration': 'dynamic', 'schedule_offset': 1000}, 'different_groups': {}}, 'sparse_pruning': {'shared_parameters': {'enabled': False, 'method': 'l1', 'schedule_offset': 1000}, 'different_groups': {}}, 'row_pruning': {'shared_parameters': {'enabled': False, 'method': 'l1', 'schedule_offset': 1000}, 'different_groups': {}}, 'head_pruning': {'shared_parameters': {'enabled': False, 'method': 'topk', 'schedule_offset': 1000}, 'different_groups': {}}, 'channel_pruning': {'shared_parameters': {'enabled': False, 'method': 'l1', 'schedule_offset': 1000}, 'different_groups': {}}, 'layer_reduction': {'enabled': False}}
[2025-06-12 14:33:56,669] [INFO] [config.py:972:print]   curriculum_enabled_legacy .... False
[2025-06-12 14:33:56,669] [INFO] [config.py:972:print]   curriculum_params_legacy ..... False
[2025-06-12 14:33:56,669] [INFO] [config.py:972:print]   data_efficiency_config ....... {'enabled': False, 'seed': 1234, 'data_sampling': {'enabled': False, 'num_epochs': 1000, 'num_workers': 0, 'curriculum_learning': {'enabled': False}}, 'data_routing': {'enabled': False, 'random_ltd': {'enabled': False, 'layer_token_lr_schedule': {'enabled': False}}}}
[2025-06-12 14:33:56,669] [INFO] [config.py:972:print]   data_efficiency_enabled ...... False
[2025-06-12 14:33:56,669] [INFO] [config.py:972:print]   dataloader_drop_last ......... False
[2025-06-12 14:33:56,669] [INFO] [config.py:972:print]   disable_allgather ............ False
[2025-06-12 14:33:56,669] [INFO] [config.py:972:print]   dump_state ................... False
[2025-06-12 14:33:56,669] [INFO] [config.py:972:print]   dynamic_loss_scale_args ...... None
[2025-06-12 14:33:56,670] [INFO] [config.py:972:print]   eigenvalue_enabled ........... False
[2025-06-12 14:33:56,670] [INFO] [config.py:972:print]   eigenvalue_gas_boundary_resolution  1
[2025-06-12 14:33:56,670] [INFO] [config.py:972:print]   eigenvalue_layer_name ........ bert.encoder.layer
[2025-06-12 14:33:56,670] [INFO] [config.py:972:print]   eigenvalue_layer_num ......... 0
[2025-06-12 14:33:56,670] [INFO] [config.py:972:print]   eigenvalue_max_iter .......... 100
[2025-06-12 14:33:56,670] [INFO] [config.py:972:print]   eigenvalue_stability ......... 1e-06
[2025-06-12 14:33:56,671] [INFO] [config.py:972:print]   eigenvalue_tol ............... 0.01
[2025-06-12 14:33:56,671] [INFO] [config.py:972:print]   eigenvalue_verbose ........... False
[2025-06-12 14:33:56,671] [INFO] [config.py:972:print]   elasticity_enabled ........... False
[2025-06-12 14:33:56,671] [INFO] [config.py:972:print]   flops_profiler_config ........ {
    "enabled": false, 
    "recompute_fwd_factor": 0.0, 
    "profile_step": 1, 
    "module_depth": -1, 
    "top_modules": 1, 
    "detailed": true, 
    "output_file": null
}
[2025-06-12 14:33:56,671] [INFO] [config.py:972:print]   fp16_auto_cast ............... True
[2025-06-12 14:33:56,671] [INFO] [config.py:972:print]   fp16_enabled ................. True
[2025-06-12 14:33:56,671] [INFO] [config.py:972:print]   fp16_master_weights_and_gradients  False
[2025-06-12 14:33:56,671] [INFO] [config.py:972:print]   global_rank .................. 0
[2025-06-12 14:33:56,671] [INFO] [config.py:972:print]   grad_accum_dtype ............. None
[2025-06-12 14:33:56,672] [INFO] [config.py:972:print]   gradient_accumulation_steps .. 1
[2025-06-12 14:33:56,672] [INFO] [config.py:972:print]   gradient_clipping ............ 1.0
[2025-06-12 14:33:56,672] [INFO] [config.py:972:print]   gradient_predivide_factor .... 1.0
[2025-06-12 14:33:56,672] [INFO] [config.py:972:print]   hybrid_engine ................ enabled=False max_out_tokens=512 inference_tp_size=1 release_inference_cache=False pin_parameters=True tp_gather_partition_size=8
[2025-06-12 14:33:56,672] [INFO] [config.py:972:print]   initial_dynamic_scale ........ 65536
[2025-06-12 14:33:56,672] [INFO] [config.py:972:print]   load_universal_checkpoint .... False
[2025-06-12 14:33:56,672] [INFO] [config.py:972:print]   loss_scale ................... 0
[2025-06-12 14:33:56,672] [INFO] [config.py:972:print]   memory_breakdown ............. False
[2025-06-12 14:33:56,672] [INFO] [config.py:972:print]   mics_hierarchial_params_gather  False
[2025-06-12 14:33:56,672] [INFO] [config.py:972:print]   mics_shard_size .............. -1
[2025-06-12 14:33:56,672] [INFO] [config.py:972:print]   monitor_config ............... tensorboard=TensorBoardConfig(enabled=False, output_path='', job_name='DeepSpeedJobName') wandb=WandbConfig(enabled=False, group=None, team=None, project='deepspeed') csv_monitor=CSVConfig(enabled=False, output_path='', job_name='DeepSpeedJobName') enabled=False
[2025-06-12 14:33:56,673] [INFO] [config.py:972:print]   nebula_config ................ {
    "enabled": false, 
    "persistent_storage_path": null, 
    "persistent_time_interval": 100, 
    "num_of_version_in_retention": 2, 
    "enable_nebula_load": true, 
    "load_path": null
}
[2025-06-12 14:33:56,673] [INFO] [config.py:972:print]   optimizer_legacy_fusion ...... False
[2025-06-12 14:33:56,673] [INFO] [config.py:972:print]   optimizer_name ............... None
[2025-06-12 14:33:56,673] [INFO] [config.py:972:print]   optimizer_params ............. None
[2025-06-12 14:33:56,673] [INFO] [config.py:972:print]   pipeline ..................... {'stages': 'auto', 'partition': 'best', 'seed_layers': False, 'activation_checkpoint_interval': 0}
[2025-06-12 14:33:56,673] [INFO] [config.py:972:print]   pld_enabled .................. False
[2025-06-12 14:33:56,673] [INFO] [config.py:972:print]   pld_params ................... False
[2025-06-12 14:33:56,673] [INFO] [config.py:972:print]   prescale_gradients ........... False
[2025-06-12 14:33:56,673] [INFO] [config.py:972:print]   scheduler_name ............... None
[2025-06-12 14:33:56,673] [INFO] [config.py:972:print]   scheduler_params ............. None
[2025-06-12 14:33:56,674] [INFO] [config.py:972:print]   sparse_attention ............. None
[2025-06-12 14:33:56,674] [INFO] [config.py:972:print]   sparse_gradients_enabled ..... False
[2025-06-12 14:33:56,674] [INFO] [config.py:972:print]   steps_per_print .............. inf
[2025-06-12 14:33:56,674] [INFO] [config.py:972:print]   train_batch_size ............. 2
[2025-06-12 14:33:56,674] [INFO] [config.py:972:print]   train_micro_batch_size_per_gpu  2
[2025-06-12 14:33:56,674] [INFO] [config.py:972:print]   use_node_local_storage ....... False
[2025-06-12 14:33:56,674] [INFO] [config.py:972:print]   wall_clock_breakdown ......... False
[2025-06-12 14:33:56,674] [INFO] [config.py:972:print]   weight_quantization_config ... None
[2025-06-12 14:33:56,674] [INFO] [config.py:972:print]   world_size ................... 1
[2025-06-12 14:33:56,674] [INFO] [config.py:972:print]   zero_allow_untested_optimizer  True
[2025-06-12 14:33:56,674] [INFO] [config.py:972:print]   zero_config .................. stage=0 contiguous_gradients=True reduce_scatter=True reduce_bucket_size=500,000,000 allgather_partitions=True allgather_bucket_size=500,000,000 overlap_comm=False load_from_fp32_weights=True elastic_checkpoint=False offload_param=DeepSpeedZeroOffloadParamConfig(device='none', nvme_path=None, buffer_count=5, buffer_size=100,000,000, max_in_cpu=1,000,000,000, pin_memory=False) offload_optimizer=DeepSpeedZeroOffloadOptimizerConfig(device='none', nvme_path=None, buffer_count=4, pin_memory=False, pipeline=False, pipeline_read=False, pipeline_write=False, fast_init=False) sub_group_size=1,000,000,000 cpu_offload_param=None cpu_offload_use_pin_memory=None cpu_offload=None prefetch_bucket_size=50,000,000 param_persistence_threshold=100,000 model_persistence_threshold=sys.maxsize max_live_parameters=1,000,000,000 max_reuse_distance=1,000,000,000 gather_16bit_weights_on_model_save=False stage3_gather_fp16_weights_on_model_save=False ignore_unused_parameters=True legacy_stage1=False round_robin_gradients=False zero_hpz_partition_size=1 zero_quantized_weights=False zero_quantized_nontrainable_weights=False zero_quantized_gradients=False mics_shard_size=-1 mics_hierarchical_params_gather=False memory_efficient_linear=True pipeline_loading_checkpoint=False override_module_apply=True
[2025-06-12 14:33:56,675] [INFO] [config.py:972:print]   zero_enabled ................. False
[2025-06-12 14:33:56,675] [INFO] [config.py:972:print]   zero_force_ds_cpu_optimizer .. True
[2025-06-12 14:33:56,675] [INFO] [config.py:972:print]   zero_optimization_stage ...... 0
[2025-06-12 14:33:56,675] [INFO] [config.py:958:print_user_config]   json = {
    "train_batch_size": 2, 
    "train_micro_batch_size_per_gpu": 2, 
    "gradient_accumulation_steps": 1, 
    "zero_optimization": {
        "stage": 0, 
        "offload_optimizer": {
            "device": "none", 
            "nvme_path": null
        }, 
        "offload_param": {
            "device": "none", 
            "nvme_path": null
        }, 
        "stage3_gather_16bit_weights_on_model_save": false
    }, 
    "gradient_clipping": 1.0, 
    "steps_per_print": inf, 
    "fp16": {
        "enabled": true, 
        "auto_cast": true
    }, 
    "bf16": {
        "enabled": false
    }, 
    "zero_allow_untested_optimizer": true
}
name 'pets_brought' is not defined
invalid syntax (<string>, line 8)
[E=1/700, S=717] {'wandb': 'ReFT_small|gsm8k_python_sdp_galactica_125m_reft', 'lr': '3e-06', 'T.loss': '0.0091092', 'T.acc': '0.05', 'T.ncor': '0.1', 'T.total': '2', 'T.pg_loss': '-0.030514', 'T.vf_loss': '0.0053975', 'T.vf_expl_var': '-0.49998'}
[E=1/700, S=950] {'wandb': 'ReFT_small|gsm8k_python_sdp_galactica_125m_reft_05', 'lr': '3e-06', 'T.loss': '0.062418', 'T.acc': '0', 'T.ncor': '0', 'T.total': '2', 'T.pg_loss': '0.016264', 'T.vf_loss': '0.0058783', 'T.vf_expl_var': '-0.56858'}
[E=1/700, S=718] {'wandb': 'ReFT_small|gsm8k_python_sdp_galactica_125m_reft', 'lr': '3e-06', 'T.loss': '0.061166', 'T.acc': '0.1', 'T.ncor': '0.2', 'T.total': '2', 'T.pg_loss': '0.016137', 'T.vf_loss': '0.005636', 'T.vf_expl_var': '-0.43712'}
local variable 'people_green' referenced before assignment
invalid syntax (<string>, line 11)
invalid syntax (<string>, line 11)
[2025-06-12 14:33:59,719] [INFO] [loss_scaler.py:183:update_scale] [deepspeed] OVERFLOW! Rank 0 Skipping step. Attempted loss scale: 4294967296, reducing to 2147483648
[E=1/700, S=951] {'wandb': 'ReFT_small|gsm8k_python_sdp_galactica_125m_reft_05', 'lr': '3e-06', 'T.loss': '0.014096', 'T.acc': '0.025', 'T.ncor': '0.05', 'T.total': '2', 'T.pg_loss': '-0.0027499', 'T.vf_loss': '0.0064891', 'T.vf_expl_var': '-0.61817'}
[2025-06-12 14:33:59,950] [INFO] [loss_scaler.py:183:update_scale] [deepspeed] OVERFLOW! Rank 0 Skipping step. Attempted loss scale: 2147483648, reducing to 1073741824
[E=1/700, S=1] {'wandb': 'ReFT_small|gsm8k_python_sdp_galactica_125m_reft_h_0.5', 'lr': '3e-06', 'T.loss': '0.95481', 'T.acc': '0.55', 'T.ncor': '1.1', 'T.total': '2', 'T.pg_loss': '-0.020621', 'T.vf_loss': '0.19569', 'T.vf_expl_var': '-1', 'T.pg_loss_off': '-0.0030092', 'T.adv_off_mean': '1.7994e-09', 'T.adv_off_var': '1'}
[E=1/700, S=719] {'wandb': 'ReFT_small|gsm8k_python_sdp_galactica_125m_reft', 'lr': '3e-06', 'T.loss': '0.27743', 'T.acc': '0.325', 'T.ncor': '0.65', 'T.total': '2', 'T.pg_loss': '0.13648', 'T.vf_loss': '0.014329', 'T.vf_expl_var': '0.077737'}
[E=1/700, S=952] {'wandb': 'ReFT_small|gsm8k_python_sdp_galactica_125m_reft_05', 'lr': '3e-06', 'T.loss': '-0.0066114', 'T.acc': '0.075', 'T.ncor': '0.15', 'T.total': '2', 'T.pg_loss': '-0.036818', 'T.vf_loss': '0.0055915', 'T.vf_expl_var': '-0.55382'}
invalid syntax (<string>, line 5)
[E=1/700, S=720] {'wandb': 'ReFT_small|gsm8k_python_sdp_galactica_125m_reft', 'lr': '3e-06', 'T.loss': '0.07831', 'T.acc': '0.325', 'T.ncor': '0.65', 'T.total': '2', 'T.pg_loss': '0.092708', 'T.vf_loss': '0.014446', 'T.vf_expl_var': '0.083369'}
name 'center' is not defined
invalid syntax (<string>, line 11)
[2025-06-12 14:34:03,343] [INFO] [loss_scaler.py:183:update_scale] [deepspeed] OVERFLOW! Rank 0 Skipping step. Attempted loss scale: 1073741824, reducing to 536870912
invalid syntax (<string>, line 6)
[2025-06-12 14:34:03,587] [INFO] [loss_scaler.py:183:update_scale] [deepspeed] OVERFLOW! Rank 0 Skipping step. Attempted loss scale: 536870912, reducing to 268435456
[E=1/700, S=2] {'wandb': 'ReFT_small|gsm8k_python_sdp_galactica_125m_reft_h_0.5', 'lr': '3e-06', 'T.loss': '0.80029', 'T.acc': '0.525', 'T.ncor': '1.05', 'T.total': '2', 'T.pg_loss': '-0.02693', 'T.vf_loss': '0.1764', 'T.vf_expl_var': '-1', 'T.pg_loss_off': '-0.0032797', 'T.adv_off_mean': '3.7129e-09', 'T.adv_off_var': '1'}
unindent does not match any outer indentation level (<string>, line 6)
[E=1/700, S=721] {'wandb': 'ReFT_small|gsm8k_python_sdp_galactica_125m_reft', 'lr': '3e-06', 'T.loss': '0.0045414', 'T.acc': '0.075', 'T.ncor': '0.15', 'T.total': '2', 'T.pg_loss': '-0.037032', 'T.vf_loss': '0.0063999', 'T.vf_expl_var': '-0.060016'}
[E=1/700, S=953] {'wandb': 'ReFT_small|gsm8k_python_sdp_galactica_125m_reft_05', 'lr': '3e-06', 'T.loss': '-0.13357', 'T.acc': '0.075', 'T.ncor': '0.15', 'T.total': '2', 'T.pg_loss': '-0.11875', 'T.vf_loss': '0.0047371', 'T.vf_expl_var': '-0.11345'}
invalid syntax (<string>, line 7)
unindent does not match any outer indentation level (<string>, line 6)
name 'delan_marbles' is not defined
[E=1/700, S=722] {'wandb': 'ReFT_small|gsm8k_python_sdp_galactica_125m_reft', 'lr': '3e-06', 'T.loss': '-0.050081', 'T.acc': '0.025', 'T.ncor': '0.05', 'T.total': '2', 'T.pg_loss': '-0.065268', 'T.vf_loss': '0.0058053', 'T.vf_expl_var': '-0.41215'}
invalid syntax (<string>, line 10)
invalid syntax (<string>, line 12)
[E=1/700, S=954] {'wandb': 'ReFT_small|gsm8k_python_sdp_galactica_125m_reft_05', 'lr': '3e-06', 'T.loss': '0.036723', 'T.acc': '0.275', 'T.ncor': '0.55', 'T.total': '2', 'T.pg_loss': '-0.17981', 'T.vf_loss': '0.028735', 'T.vf_expl_var': '0.30516'}
[2025-06-12 14:34:06,643] [INFO] [loss_scaler.py:183:update_scale] [deepspeed] OVERFLOW! Rank 0 Skipping step. Attempted loss scale: 268435456, reducing to 134217728
[2025-06-12 14:34:06,884] [INFO] [loss_scaler.py:183:update_scale] [deepspeed] OVERFLOW! Rank 0 Skipping step. Attempted loss scale: 134217728, reducing to 67108864
[E=1/700, S=3] {'wandb': 'ReFT_small|gsm8k_python_sdp_galactica_125m_reft_h_0.5', 'lr': '3e-06', 'T.loss': '0.75759', 'T.acc': '0.75', 'T.ncor': '1.5', 'T.total': '2', 'T.pg_loss': '-0.016416', 'T.vf_loss': '0.15456', 'T.vf_expl_var': '-1', 'T.pg_loss_off': '-0.001749', 'T.adv_off_mean': '-1.0847e-09', 'T.adv_off_var': '1'}
[E=1/700, S=723] {'wandb': 'ReFT_small|gsm8k_python_sdp_galactica_125m_reft', 'lr': '3e-06', 'T.loss': '-0.024345', 'T.acc': '0.05', 'T.ncor': '0.1', 'T.total': '2', 'T.pg_loss': '-0.071091', 'T.vf_loss': '0.0054249', 'T.vf_expl_var': '-0.22949'}
[E=1/700, S=955] {'wandb': 'ReFT_small|gsm8k_python_sdp_galactica_125m_reft_05', 'lr': '3e-06', 'T.loss': '0.032066', 'T.acc': '0.3', 'T.ncor': '0.6', 'T.total': '2', 'T.pg_loss': '-0.098053', 'T.vf_loss': '0.030429', 'T.vf_expl_var': '0.055164'}
[E=1/700, S=724] {'wandb': 'ReFT_small|gsm8k_python_sdp_galactica_125m_reft', 'lr': '3e-06', 'T.loss': '0.035463', 'T.acc': '0.1', 'T.ncor': '0.2', 'T.total': '2', 'T.pg_loss': '-0.011693', 'T.vf_loss': '0.0058768', 'T.vf_expl_var': '0.22584'}
unterminated triple-quoted string literal (detected at line 4) (<string>, line 4)
name 'sum_first_disounted_tickle' is not defined
[2025-06-12 14:34:10,320] [INFO] [loss_scaler.py:183:update_scale] [deepspeed] OVERFLOW! Rank 0 Skipping step. Attempted loss scale: 67108864, reducing to 33554432
[2025-06-12 14:34:10,572] [INFO] [loss_scaler.py:183:update_scale] [deepspeed] OVERFLOW! Rank 0 Skipping step. Attempted loss scale: 33554432, reducing to 16777216
[E=1/700, S=725] {'wandb': 'ReFT_small|gsm8k_python_sdp_galactica_125m_reft', 'lr': '3e-06', 'T.loss': '0.030766', 'T.acc': '0.1', 'T.ncor': '0.2', 'T.total': '2', 'T.pg_loss': '0.012688', 'T.vf_loss': '0.004364', 'T.vf_expl_var': '0.35355'}
[E=1/700, S=4] {'wandb': 'ReFT_small|gsm8k_python_sdp_galactica_125m_reft_h_0.5', 'lr': '3e-06', 'T.loss': '0.80004', 'T.acc': '0.775', 'T.ncor': '1.55', 'T.total': '2', 'T.pg_loss': '-0.018053', 'T.vf_loss': '0.16026', 'T.vf_expl_var': '-1', 'T.pg_loss_off': '0.003623', 'T.adv_off_mean': '-3.8979e-09', 'T.adv_off_var': '1'}
[E=1/700, S=956] {'wandb': 'ReFT_small|gsm8k_python_sdp_galactica_125m_reft_05', 'lr': '3e-06', 'T.loss': '0.13451', 'T.acc': '0.3', 'T.ncor': '0.6', 'T.total': '2', 'T.pg_loss': '-0.022402', 'T.vf_loss': '0.021807', 'T.vf_expl_var': '0.1346'}
unindent does not match any outer indentation level (<string>, line 9)
[E=1/700, S=726] {'wandb': 'ReFT_small|gsm8k_python_sdp_galactica_125m_reft', 'lr': '3e-06', 'T.loss': '-0.035166', 'T.acc': '0.075', 'T.ncor': '0.15', 'T.total': '2', 'T.pg_loss': '-0.043894', 'T.vf_loss': '0.0052041', 'T.vf_expl_var': '-0.24985'}
[E=1/700, S=957] {'wandb': 'ReFT_small|gsm8k_python_sdp_galactica_125m_reft_05', 'lr': '3e-06', 'T.loss': '0.062539', 'T.acc': '0.3', 'T.ncor': '0.6', 'T.total': '2', 'T.pg_loss': '-0.0034234', 'T.vf_loss': '0.019894', 'T.vf_expl_var': '0.11509'}
invalid syntax (<string>, line 10)
invalid syntax (<string>, line 10)
name 'original_dollars' is not defined
[2025-06-12 14:34:13,577] [INFO] [loss_scaler.py:183:update_scale] [deepspeed] OVERFLOW! Rank 0 Skipping step. Attempted loss scale: 16777216, reducing to 8388608
[2025-06-12 14:34:13,820] [INFO] [loss_scaler.py:183:update_scale] [deepspeed] OVERFLOW! Rank 0 Skipping step. Attempted loss scale: 8388608, reducing to 4194304
[E=1/700, S=5] {'wandb': 'ReFT_small|gsm8k_python_sdp_galactica_125m_reft_h_0.5', 'lr': '3e-06', 'T.loss': '0.80426', 'T.acc': '0.55', 'T.ncor': '1.1', 'T.total': '2', 'T.pg_loss': '-0.028736', 'T.vf_loss': '0.167', 'T.vf_expl_var': '-1', 'T.pg_loss_off': '0.00097412', 'T.adv_off_mean': '-6.9107e-10', 'T.adv_off_var': '1'}
[E=1/700, S=727] {'wandb': 'ReFT_small|gsm8k_python_sdp_galactica_125m_reft', 'lr': '3e-06', 'T.loss': '-0.09621', 'T.acc': '0.05', 'T.ncor': '0.1', 'T.total': '2', 'T.pg_loss': '-0.1158', 'T.vf_loss': '0.0059307', 'T.vf_expl_var': '-0.38372'}
name 'sandwiches_second_leaf' is not defined
name 'stones' is not defined
[E=1/700, S=958] {'wandb': 'ReFT_small|gsm8k_python_sdp_galactica_125m_reft_05', 'lr': '3e-06', 'T.loss': '-0.044574', 'T.acc': '0.075', 'T.ncor': '0.15', 'T.total': '2', 'T.pg_loss': '-0.047633', 'T.vf_loss': '0.0047328', 'T.vf_expl_var': '-0.59145'}
[E=1/700, S=728] {'wandb': 'ReFT_small|gsm8k_python_sdp_galactica_125m_reft', 'lr': '3e-06', 'T.loss': '-0.050744', 'T.acc': '0.05', 'T.ncor': '0.1', 'T.total': '2', 'T.pg_loss': '-0.098677', 'T.vf_loss': '0.0047698', 'T.vf_expl_var': '-0.25369'}
name 'mike_toys_more_than_mike' is not defined
invalid syntax (<string>, line 12)
invalid syntax (<string>, line 11)
[E=1/700, S=959] {'wandb': 'ReFT_small|gsm8k_python_sdp_galactica_125m_reft_05', 'lr': '3e-06', 'T.loss': '-0.0090082', 'T.acc': '0.075', 'T.ncor': '0.15', 'T.total': '2', 'T.pg_loss': '-0.056157', 'T.vf_loss': '0.005081', 'T.vf_expl_var': '-1'}
[2025-06-12 14:34:17,027] [INFO] [loss_scaler.py:183:update_scale] [deepspeed] OVERFLOW! Rank 0 Skipping step. Attempted loss scale: 4194304, reducing to 2097152
[2025-06-12 14:34:17,269] [INFO] [loss_scaler.py:183:update_scale] [deepspeed] OVERFLOW! Rank 0 Skipping step. Attempted loss scale: 2097152, reducing to 1048576
[E=1/700, S=6] {'wandb': 'ReFT_small|gsm8k_python_sdp_galactica_125m_reft_h_0.5', 'lr': '3e-06', 'T.loss': '0.86584', 'T.acc': '0.3', 'T.ncor': '0.6', 'T.total': '2', 'T.pg_loss': '-0.0083248', 'T.vf_loss': '0.17103', 'T.vf_expl_var': '-1', 'T.pg_loss_off': '-0.0025276', 'T.adv_off_mean': '-8.0839e-09', 'T.adv_off_var': '1'}
[E=1/700, S=729] {'wandb': 'ReFT_small|gsm8k_python_sdp_galactica_125m_reft', 'lr': '3e-06', 'T.loss': '0.041261', 'T.acc': '0.075', 'T.ncor': '0.15', 'T.total': '2', 'T.pg_loss': '-0.013766', 'T.vf_loss': '0.0057252', 'T.vf_expl_var': '-0.28433'}
[E=1/700, S=960] {'wandb': 'ReFT_small|gsm8k_python_sdp_galactica_125m_reft_05', 'lr': '3e-06', 'T.loss': '0.012727', 'T.acc': '0.1', 'T.ncor': '0.2', 'T.total': '2', 'T.pg_loss': '-0.010361', 'T.vf_loss': '0.0039743', 'T.vf_expl_var': '-0.39816'}
[E=1/700, S=730] {'wandb': 'ReFT_small|gsm8k_python_sdp_galactica_125m_reft', 'lr': '3e-06', 'T.loss': '0.00068882', 'T.acc': '0.1', 'T.ncor': '0.2', 'T.total': '2', 'T.pg_loss': '-0.011951', 'T.vf_loss': '0.0059641', 'T.vf_expl_var': '0.16304'}
invalid syntax (<string>, line 13)
invalid syntax (<string>, line 15)
[E=1/700, S=731] {'wandb': 'ReFT_small|gsm8k_python_sdp_galactica_125m_reft', 'lr': '3e-06', 'T.loss': '0.12775', 'T.acc': '0.325', 'T.ncor': '0.65', 'T.total': '2', 'T.pg_loss': '-0.041995', 'T.vf_loss': '0.023089', 'T.vf_expl_var': '0.27411'}
[2025-06-12 14:34:20,450] [INFO] [loss_scaler.py:183:update_scale] [deepspeed] OVERFLOW! Rank 0 Skipping step. Attempted loss scale: 1048576, reducing to 524288
[E=1/700, S=961] {'wandb': 'ReFT_small|gsm8k_python_sdp_galactica_125m_reft_05', 'lr': '3e-06', 'T.loss': '0.0096778', 'T.acc': '0.1', 'T.ncor': '0.2', 'T.total': '2', 'T.pg_loss': '-0.011858', 'T.vf_loss': '0.0038932', 'T.vf_expl_var': '0.1912'}
[2025-06-12 14:34:20,692] [INFO] [loss_scaler.py:183:update_scale] [deepspeed] OVERFLOW! Rank 0 Skipping step. Attempted loss scale: 524288, reducing to 262144
[E=1/700, S=7] {'wandb': 'ReFT_small|gsm8k_python_sdp_galactica_125m_reft_h_0.5', 'lr': '3e-06', 'T.loss': '0.88444', 'T.acc': '0.525', 'T.ncor': '1.05', 'T.total': '2', 'T.pg_loss': '0.0019426', 'T.vf_loss': '0.17664', 'T.vf_expl_var': '-1', 'T.pg_loss_off': '0.00025265', 'T.adv_off_mean': '-1.2011e-08', 'T.adv_off_var': '1'}
name 'parretom_day' is not defined
[E=1/700, S=732] {'wandb': 'ReFT_small|gsm8k_python_sdp_galactica_125m_reft', 'lr': '3e-06', 'T.loss': '0.065774', 'T.acc': '0.3', 'T.ncor': '0.6', 'T.total': '2', 'T.pg_loss': '-0.022965', 'T.vf_loss': '0.024718', 'T.vf_expl_var': '-0.37161'}
[E=1/700, S=962] {'wandb': 'ReFT_small|gsm8k_python_sdp_galactica_125m_reft_05', 'lr': '3e-06', 'T.loss': '0.026258', 'T.acc': '0.1', 'T.ncor': '0.2', 'T.total': '2', 'T.pg_loss': '-0.014465', 'T.vf_loss': '0.0063467', 'T.vf_expl_var': '0.12196'}
invalid syntax (<string>, line 12)
invalid syntax (<string>, line 13)
[2025-06-12 14:34:23,605] [INFO] [loss_scaler.py:183:update_scale] [deepspeed] OVERFLOW! Rank 0 Skipping step. Attempted loss scale: 262144, reducing to 131072
[2025-06-12 14:34:23,842] [INFO] [loss_scaler.py:183:update_scale] [deepspeed] OVERFLOW! Rank 0 Skipping step. Attempted loss scale: 131072, reducing to 65536
[E=1/700, S=8] {'wandb': 'ReFT_small|gsm8k_python_sdp_galactica_125m_reft_h_0.5', 'lr': '3e-06', 'T.loss': '0.8947', 'T.acc': '1', 'T.ncor': '2', 'T.total': '2', 'T.pg_loss': '-0.0065962', 'T.vf_loss': '0.17944', 'T.vf_expl_var': '-1', 'T.pg_loss_off': '0.00033728', 'T.adv_off_mean': '-9.691e-09', 'T.adv_off_var': '1'}
[E=1/700, S=733] {'wandb': 'ReFT_small|gsm8k_python_sdp_galactica_125m_reft', 'lr': '3e-06', 'T.loss': '0.1261', 'T.acc': '0.3', 'T.ncor': '0.6', 'T.total': '2', 'T.pg_loss': '-0.018102', 'T.vf_loss': '0.021606', 'T.vf_expl_var': '-0.37845'}
[E=1/700, S=963] {'wandb': 'ReFT_small|gsm8k_python_sdp_galactica_125m_reft_05', 'lr': '3e-06', 'T.loss': '0.041235', 'T.acc': '0.1', 'T.ncor': '0.2', 'T.total': '2', 'T.pg_loss': '0.0030354', 'T.vf_loss': '0.0064849', 'T.vf_expl_var': '-0.10859'}
invalid decimal literal (<string>, line 5)
[E=1/700, S=734] {'wandb': 'ReFT_small|gsm8k_python_sdp_galactica_125m_reft', 'lr': '3e-06', 'T.loss': '0.11638', 'T.acc': '0.525', 'T.ncor': '1.05', 'T.total': '2', 'T.pg_loss': '-0.02229', 'T.vf_loss': '0.029556', 'T.vf_expl_var': '0.26505'}
invalid syntax (<string>, line 9)
invalid syntax (<string>, line 10)
[E=1/700, S=964] {'wandb': 'ReFT_small|gsm8k_python_sdp_galactica_125m_reft_05', 'lr': '3e-06', 'T.loss': '0.032477', 'T.acc': '0.1', 'T.ncor': '0.2', 'T.total': '2', 'T.pg_loss': '0.013921', 'T.vf_loss': '0.0040973', 'T.vf_expl_var': '-0.6412'}
[2025-06-12 14:34:26,563] [INFO] [loss_scaler.py:183:update_scale] [deepspeed] OVERFLOW! Rank 0 Skipping step. Attempted loss scale: 65536, reducing to 32768
unindent does not match any outer indentation level (<string>, line 6)
[2025-06-12 14:34:26,793] [INFO] [loss_scaler.py:183:update_scale] [deepspeed] OVERFLOW! Rank 0 Skipping step. Attempted loss scale: 32768, reducing to 16384
[E=1/700, S=9] {'wandb': 'ReFT_small|gsm8k_python_sdp_galactica_125m_reft_h_0.5', 'lr': '3e-06', 'T.loss': '1.1108', 'T.acc': '1', 'T.ncor': '2', 'T.total': '2', 'T.pg_loss': '-0.0082869', 'T.vf_loss': '0.20963', 'T.vf_expl_var': '-1', 'T.pg_loss_off': '0.00020407', 'T.adv_off_mean': '-5.0727e-09', 'T.adv_off_var': '1'}
[E=1/700, S=735] {'wandb': 'ReFT_small|gsm8k_python_sdp_galactica_125m_reft', 'lr': '3e-06', 'T.loss': '0.048921', 'T.acc': '0.275', 'T.ncor': '0.55', 'T.total': '2', 'T.pg_loss': '-0.031772', 'T.vf_loss': '0.01935', 'T.vf_expl_var': '-0.3565'}
name 'third' is not defined
[E=1/700, S=736] {'wandb': 'ReFT_small|gsm8k_python_sdp_galactica_125m_reft', 'lr': '3e-06', 'T.loss': '0.046296', 'T.acc': '0.05', 'T.ncor': '0.1', 'T.total': '2', 'T.pg_loss': '-0.023134', 'T.vf_loss': '0.012543', 'T.vf_expl_var': '-1'}
[E=1/700, S=965] {'wandb': 'ReFT_small|gsm8k_python_sdp_galactica_125m_reft_05', 'lr': '3e-06', 'T.loss': '0.14906', 'T.acc': '0.325', 'T.ncor': '0.65', 'T.total': '2', 'T.pg_loss': '0.038008', 'T.vf_loss': '0.013851', 'T.vf_expl_var': '-0.37395'}
invalid syntax (<string>, line 10)
invalid syntax (<string>, line 9)
unindent does not match any outer indentation level (<string>, line 6)
[E=1/700, S=10] {'wandb': 'ReFT_small|gsm8k_python_sdp_galactica_125m_reft_h_0.5', 'lr': '3e-06', 'T.loss': '0.84518', 'T.acc': '0.775', 'T.ncor': '1.55', 'T.total': '2', 'T.pg_loss': '0.0055143', 'T.vf_loss': '0.18719', 'T.vf_expl_var': '-1', 'T.pg_loss_off': '-0.00038911', 'T.adv_off_mean': '3.7695e-09', 'T.adv_off_var': '1'}
[E=1/700, S=737] {'wandb': 'ReFT_small|gsm8k_python_sdp_galactica_125m_reft', 'lr': '3e-06', 'T.loss': '0.070235', 'T.acc': '0.05', 'T.ncor': '0.1', 'T.total': '2', 'T.pg_loss': '0.0003048', 'T.vf_loss': '0.011645', 'T.vf_expl_var': '-0.77913'}
[E=1/700, S=966] {'wandb': 'ReFT_small|gsm8k_python_sdp_galactica_125m_reft_05', 'lr': '3e-06', 'T.loss': '0.10623', 'T.acc': '0.55', 'T.ncor': '1.1', 'T.total': '2', 'T.pg_loss': '-0.013795', 'T.vf_loss': '0.028445', 'T.vf_expl_var': '0.29186'}
unindent does not match any outer indentation level (<string>, line 5)
[E=1/700, S=738] {'wandb': 'ReFT_small|gsm8k_python_sdp_galactica_125m_reft', 'lr': '3e-06', 'T.loss': '0.044209', 'T.acc': '0.05', 'T.ncor': '0.1', 'T.total': '2', 'T.pg_loss': '0.0038045', 'T.vf_loss': '0.0094506', 'T.vf_expl_var': '-0.77913'}
invalid syntax (<string>, line 10)
name 'adult_children' is not defined
[E=1/700, S=739] {'wandb': 'ReFT_small|gsm8k_python_sdp_galactica_125m_reft', 'lr': '3e-06', 'T.loss': '0.031202', 'T.acc': '0.05', 'T.ncor': '0.1', 'T.total': '2', 'T.pg_loss': '-0.0038889', 'T.vf_loss': '0.0067614', 'T.vf_expl_var': '-1'}
[E=1/700, S=11] {'wandb': 'ReFT_small|gsm8k_python_sdp_galactica_125m_reft_h_0.5', 'lr': '3e-06', 'T.loss': '0.60431', 'T.acc': '0.325', 'T.ncor': '0.65', 'T.total': '2', 'T.pg_loss': '0.006075', 'T.vf_loss': '0.12436', 'T.vf_expl_var': '-1', 'T.pg_loss_off': '-0.0016381', 'T.adv_off_mean': '-5.5433e-11', 'T.adv_off_var': '1'}
name 'sandwicches_initial' is not defined
[E=1/700, S=740] {'wandb': 'ReFT_small|gsm8k_python_sdp_galactica_125m_reft', 'lr': '3e-06', 'T.loss': '0.014459', 'T.acc': '0.05', 'T.ncor': '0.1', 'T.total': '2', 'T.pg_loss': '-0.017964', 'T.vf_loss': '0.0070021', 'T.vf_expl_var': '-0.41624'}
invalid syntax (<string>, line 11)
[E=1/700, S=12] {'wandb': 'ReFT_small|gsm8k_python_sdp_galactica_125m_reft_h_0.5', 'lr': '3e-06', 'T.loss': '0.59575', 'T.acc': '0.1', 'T.ncor': '0.2', 'T.total': '2', 'T.pg_loss': '-0.0025864', 'T.vf_loss': '0.11373', 'T.vf_expl_var': '-1', 'T.pg_loss_off': '-0.00099183', 'T.adv_off_mean': '-1.1554e-08', 'T.adv_off_var': '1'}
name 'smallest_rooms_area' is not defined
invalid syntax (<string>, line 9)
invalid syntax (<string>, line 13)
Abnormal termination
[E=1/700, S=13] {'wandb': 'ReFT_small|gsm8k_python_sdp_galactica_125m_reft_h_0.5', 'lr': '3e-06', 'T.loss': '0.62094', 'T.acc': '0.3', 'T.ncor': '0.6', 'T.total': '2', 'T.pg_loss': '-0.075694', 'T.vf_loss': '0.13366', 'T.vf_expl_var': '-1', 'T.pg_loss_off': '-0.0014047', 'T.adv_off_mean': '-8.5838e-09', 'T.adv_off_var': '1'}
[E=1/700, S=741] {'wandb': 'ReFT_small|gsm8k_python_sdp_galactica_125m_reft', 'lr': '3e-06', 'T.loss': '0.030948', 'T.acc': '0.05', 'T.ncor': '0.1', 'T.total': '2', 'T.pg_loss': '-0.012949', 'T.vf_loss': '0.0066004', 'T.vf_expl_var': '-0.41624'}
unindent does not match any outer indentation level (<string>, line 8)
